MPASM  5.32                  TEST_VECTORS.ASM   8-19-2014  18:04:34         PAGE  1


LOC  OBJECT CODE     LINE SOURCE TEXT
  VALUE

                      00001 ;****************************************************************************************
                      00002 ;*                                                                                      *
                      00003 ;*      Данный файл является программой для пустого приложения пользователя             *
                      00004 ;*                                                                                      *
                      00005 ;****************************************************************************************
                      00006 ;*                                                                                      *
                      00007 ;*      Наименование контроллера:МК-4хх                                                 *
                      00008 ;*      Дата создания           :25.11.03                                               *
                      00009 ;*      Версия файла            :2.00                                                   *
                      00010 ;*                                                                                      *
                      00011 ;*      Автор                   :Игнатьев Михаил                                        *
                      00012 ;*      Организация             :Авитрон-Ойл                                            *
                      00013 ;*                                                                                      *
                      00014 ;****************************************************************************************
  00000000            00015 F252=0
  00000001            00016 F6720=1
                      00017 
  00000001            00018 MCU_Type=F6720
                      00019 
                      00020                 if MCU_Type == F252
                      00021         LIST P=18F252                   ;]Выбирете тип процессора
                      00022         #include        <p18f252.inc>   ;]
                      00023                 else
                      00024         LIST P=18F6720                  ;]Выбирете тип процессора
                      00025         #include        <p18f6720.inc>  ;]
                      00001         LIST
                      00002 ; P18F6720.INC  Standard Header File, Version .1   Microchip Technology, Inc.
                      01234         LIST
                      00026                 endif
                      00027 
                      00028         #define libdir  c:\mcc18        ;Начало пути к библиотечным файлам
                      00029         #define workdir d:\Dev\workspace\electronic\MPLAB       ;Начало пути к рабочим файлам проекта
                      00030 
                      00031 ;****************************************************************************************
                      00032 
                      00033         #include        <d:\Dev\workspace\electronic\MPLAB\macro4xx_UsApp.inc>  ;Включение дополнительны
                            х файлов
                      00001         LIST
                      00002 
                      00003 ;-------------------------------------------------------------------------------------------------------
                            --------------
                      00004 ;--------------------------------------- Набор макросов для МК-4xx для задач пользователя --------------
                            --------------
                      00005 ;-------------------------------------------------------------------------------------------------------
                            --------------
                      00006 
                      00037         LIST
                      00034         #include        <d:\Dev\workspace\electronic\MPLAB\MK4_set.inc>
                      00001 ;Файл содержит данные о общих настойках ресурсов контроллеров МК-4хх
                      00002 
                      00035         LIST
                      00035 
                      00036 ;****************************************************************************************
MPASM  5.32                  TEST_VECTORS.ASM   8-19-2014  18:04:34         PAGE  2


LOC  OBJECT CODE     LINE SOURCE TEXT
  VALUE

                      00037 ;Переменные
                      00038 Stack_Zone      udata   H'E00'
                      00039 
000E00                00040 Stack_Begin     res     H'100'
                      00041 
                      00042 
                      00043 ;****************************************************************************************
                      00044 ;Область темпов для задачи ввода-вывода
                      00045 
                      00046 ;****************************************************************************************
                      00047 ;Константы
                      00048 
                      00049 ;****************************************************************************************
                      00050 ;Определения
                      00051 
                      00052 ;****************************************************************************************
                      00053 ;Макросы
                      00054 
                      00055 Dummy_sub       macro
                      00056 
                      00057         retlw   H'FF'
                      00058         dw      H'FFFF'
                      00059 
                      00060         endm
                      00061 
                      00062 ;****************************************************************************************
                      00063 ;****************************************************************************************
                      00064 ;Исполняемый код
                      00065 
                      00066 Us_App_Vectors  code    H'C000'
                      00067 
                      00068 ;****************************************************************************************
                      00069 
                      00070 ;       exsub   Init_User_Application
                      00071 ;       Dummy_sub
                      00072 
                      00073         exsub   User_Application
00C000                    M User_Application
  0000                    M         Global  User_Application
                          M 
00C000 D???           00074         bra     usapp_zone
00C002 0000           00075         nop
                      00076 
                      00077 ;****************************************************************************************
                      00078 
                      00079         exsub   Optional_Handler_Main_Port1
00C004                    M Optional_Handler_Main_Port1
  0000                    M         Global  Optional_Handler_Main_Port1
                          M 
                      00080         Dummy_sub
                          M 
00C004 0CFF               M         retlw   H'FF'
00C006 FFFF               M         dw      H'FFFF'
MPASM  5.32                  TEST_VECTORS.ASM   8-19-2014  18:04:34         PAGE  3


LOC  OBJECT CODE     LINE SOURCE TEXT
  VALUE

                          M 
                      00081 
                      00082 ;****************************************************************************************
                      00083 
                      00084         exsub   Optional_Handler_LoInt_Port1
00C008                    M Optional_Handler_LoInt_Port1
  0000                    M         Global  Optional_Handler_LoInt_Port1
                          M 
                      00085         Dummy_sub
                          M 
00C008 0CFF               M         retlw   H'FF'
00C00A FFFF               M         dw      H'FFFF'
                          M 
                      00086 
                      00087 ;****************************************************************************************
                      00088 
                      00089         exsub   Optional_Handler_Main_Port2
00C00C                    M Optional_Handler_Main_Port2
  0000                    M         Global  Optional_Handler_Main_Port2
                          M 
                      00090         Dummy_sub
                          M 
00C00C 0CFF               M         retlw   H'FF'
00C00E FFFF               M         dw      H'FFFF'
                          M 
                      00091 
                      00092 ;****************************************************************************************
                      00093 
                      00094         exsub   Optional_Handler_LoInt_Port2
00C010                    M Optional_Handler_LoInt_Port2
  0000                    M         Global  Optional_Handler_LoInt_Port2
                          M 
                      00095         Dummy_sub
                          M 
00C010 0CFF               M         retlw   H'FF'
00C012 FFFF               M         dw      H'FFFF'
                          M 
                      00096 
                      00097 ;****************************************************************************************
                      00098 
00C014                00099 usapp_zone
00C014 EE?? F0??      00100         lfsr    FSR1,Stack_Begin
                      00101         egoto   C_PROJECT1
                          M 
  0000                    M         extern  C_PROJECT1
00C018 EF?? F???          M         goto    C_PROJECT1
                          M 
                      00102 
00C01C                00103 ID_User_App
                      00104 ;Здесь записывается версия приложения пользователя
00C01C 4554 5453 3020 00105         db      "TEST 0.1",H'00'
       312E 0000 
                      00106 
MPASM  5.32                  TEST_VECTORS.ASM   8-19-2014  18:04:34         PAGE  4


LOC  OBJECT CODE     LINE SOURCE TEXT
  VALUE

                      00107 EE_Id_Vect      Code    H'F00014'
                      00108 
F00014 ???? 00??      00109         db      Low ID_User_App,High ID_User_App,Upper ID_User_App
                      00110 
                      00111         END
MPASM  5.32                  TEST_VECTORS.ASM   8-19-2014  18:04:34         PAGE  5


SYMBOL TABLE
  LABEL                             VALUE 

A                                 00000000
ACCESS                            00000000
ACKDT                             00000005
ACKEN                             00000004
ACKSTAT                           00000006
ADCON0                            00000FC2
ADCON1                            00000FC1
ADCON2                            00000FC0
ADCS0                             00000000
ADCS1                             00000001
ADCS2                             00000002
ADDEN                             00000003
ADFM                              00000007
ADIE                              00000006
ADIF                              00000006
ADIP                              00000006
ADON                              00000000
ADRESH                            00000FC4
ADRESL                            00000FC3
AN0                               00000000
AN1                               00000001
AN10                              00000005
AN11                              00000006
AN2                               00000002
AN3                               00000003
AN4                               00000005
AN5                               00000000
AN6                               00000001
AN7                               00000002
AN8                               00000003
AN9                               00000004
Adr_Atr_UsApp                     00000010
BANKED                            00000001
BCLIE                             00000003
BCLIF                             00000003
BCLIP                             00000003
BF                                00000000
BOR                               00000000
BRGH                              00000002
BSR                               00000FE0
Busy                              00000006
C                                 00000000
C1INV                             00000004
C1OUT                             00000002
C1OUT_CMCON                       00000006
C2INV                             00000005
C2OUT                             00000001
C2OUT_CMCON                       00000007
CCP1                              00000002
CCP1CON                           00000FBD
CCP1IE                            00000002
CCP1IF                            00000002
CCP1IP                            00000002
MPASM  5.32                  TEST_VECTORS.ASM   8-19-2014  18:04:34         PAGE  6


SYMBOL TABLE
  LABEL                             VALUE 

CCP1M0                            00000000
CCP1M1                            00000001
CCP1M2                            00000002
CCP1M3                            00000003
CCP1X                             00000005
CCP1Y                             00000004
CCP2                              00000001
CCP2A                             00000003
CCP2C                             00000007
CCP2CON                           00000FBA
CCP2IE                            00000000
CCP2IF                            00000000
CCP2IP                            00000000
CCP2M0                            00000000
CCP2M1                            00000001
CCP2M2                            00000002
CCP2M3                            00000003
CCP2X                             00000005
CCP2Y                             00000004
CCP3                              00000000
CCP3CON                           00000FB7
CCP3IE                            00000000
CCP3IF                            00000000
CCP3IP                            00000000
CCP3M0                            00000000
CCP3M1                            00000001
CCP3M2                            00000002
CCP3M3                            00000003
CCP4                              00000003
CCP4CON                           00000F73
CCP4IE                            00000001
CCP4IF                            00000001
CCP4IP                            00000001
CCP4M0                            00000000
CCP4M1                            00000001
CCP4M2                            00000002
CCP4M3                            00000003
CCP5                              00000004
CCP5CON                           00000F70
CCP5IE                            00000002
CCP5IF                            00000002
CCP5IP                            00000002
CCP5M0                            00000000
CCP5M1                            00000001
CCP5M2                            00000002
CCP5M3                            00000003
CCPR1H                            00000FBF
CCPR1L                            00000FBE
CCPR2H                            00000FBC
CCPR2L                            00000FBB
CCPR3H                            00000FB9
CCPR3L                            00000FB8
CCPR4H                            00000F75
MPASM  5.32                  TEST_VECTORS.ASM   8-19-2014  18:04:34         PAGE  7


SYMBOL TABLE
  LABEL                             VALUE 

CCPR4L                            00000F74
CCPR5H                            00000F72
CCPR5L                            00000F71
CFGS                              00000006
CHS0                              00000002
CHS1                              00000003
CHS2                              00000004
CHS3                              00000005
CIS                               00000003
CK                                00000006
CK2                               00000001
CKE                               00000006
CKP                               00000004
CLKO                              00000006
CM0                               00000000
CM1                               00000001
CM2                               00000002
CMCON                             00000FB4
CMIE                              00000006
CMIF                              00000006
CMIP                              00000006
CREN                              00000004
CS                                00000002
CSRC                              00000007
CVR0                              00000000
CVR1                              00000001
CVR2                              00000002
CVR3                              00000003
CVRCON                            00000FB5
CVREF                             00000005
CVREN                             00000007
CVROE                             00000006
CVRR                              00000005
CVRSS                             00000004
C_PROJECT1                        00000000
Carry                             Status,C,a
D                                 00000005
DATA_ADDRESS                      00000005
DC                                00000001
DCCP1X                            00000005
DCCP1Y                            00000004
DCCP2X                            00000005
DCCP2Y                            00000004
DCCP3X                            00000005
DCCP3Y                            00000004
DCCP4X                            00000005
DCCP4Y                            00000004
DCCP5X                            00000005
DCCP5Y                            00000004
DDRA                              TRISA
DDRB                              TRISB
DDRC                              TRISC
DDRD                              TRISD
MPASM  5.32                  TEST_VECTORS.ASM   8-19-2014  18:04:34         PAGE  8


SYMBOL TABLE
  LABEL                             VALUE 

DDRE                              TRISE
DDRF                              TRISF
DDRG                              TRISG
DONE                              00000001
DT2                               00000002
D_A                               00000005
Dummy_sub                         
EBDIS                             00000007
EEADR                             00000FA9
EEADRH                            00000FAA
EECON1                            00000FA6
EECON2                            00000FA7
EEDATA                            00000FA8
EEIE                              00000004
EEIF                              00000004
EEIP                              00000004
EEPGD                             00000007
Err_Adr                           00000002
Err_Busy                          00000006
Err_Data                          00000003
Err_Device                        00000004
Err_NoAck                         00000007
Err_Unkfunk                       00000001
F252                              00000000
F6720                             00000001
FAST                              00000001
FERR                              00000002
FREE                              00000004
FSR0                              00000000
FSR0H                             00000FEA
FSR0L                             00000FE9
FSR1                              00000001
FSR1H                             00000FE2
FSR1L                             00000FE1
FSR2                              00000002
FSR2H                             00000FDA
FSR2L                             00000FD9
GCEN                              00000007
GIE                               00000007
GIEH                              00000007
GIEL                              00000006
GO                                00000001
GO_DONE                           00000001
Hi                                00000001
I2C_DAT                           00000005
I2C_READ                          00000002
I2C_START                         00000003
I2C_STOP                          00000004
IBF                               00000007
IBOV                              00000005
ID_User_App                       0000C01C
INDF0                             00000FEF
INDF1                             00000FE7
MPASM  5.32                  TEST_VECTORS.ASM   8-19-2014  18:04:34         PAGE  9


SYMBOL TABLE
  LABEL                             VALUE 

INDF2                             00000FDF
INT0                              00000000
INT0E                             00000004
INT0F                             00000001
INT0IE                            00000004
INT0IF                            00000001
INT1                              00000001
INT1IE                            00000003
INT1IF                            00000000
INT1IP                            00000006
INT2                              00000002
INT2IE                            00000004
INT2IF                            00000001
INT2IP                            00000007
INT3                              00000003
INT3IE                            00000005
INT3IF                            00000002
INT3P                             00000001
INTCON                            00000FF2
INTCON1                           00000FF2
INTCON2                           00000FF1
INTCON3                           00000FF0
INTEDG0                           00000006
INTEDG1                           00000005
INTEDG2                           00000004
INTEDG3                           00000003
IPEN                              00000007
IPR1                              00000F9F
IPR2                              00000FA2
IPR3                              00000FA5
IRVST                             00000005
KBI0                              00000004
KBI1                              00000005
KBI2                              00000006
KBI3                              00000007
LATA                              00000F89
LATB                              00000F8A
LATC                              00000F8B
LATD                              00000F8C
LATE                              00000F8D
LATF                              00000F8E
LATG                              00000F8F
LVDCON                            00000FD2
LVDEN                             00000004
LVDIE                             00000002
LVDIF                             00000002
LVDIN                             00000005
LVDIP                             00000002
LVDL0                             00000000
LVDL1                             00000001
LVDL2                             00000002
LVDL3                             00000003
Lo                                00000000
MPASM  5.32                  TEST_VECTORS.ASM   8-19-2014  18:04:34         PAGE 10


SYMBOL TABLE
  LABEL                             VALUE 

MCU_Type                          00000001
MEMCON                            00000F9C
N                                 00000004
NOT_A                             00000005
NOT_ADDRESS                       00000005
NOT_BOR                           00000000
NOT_DONE                          00000001
NOT_PD                            00000002
NOT_POR                           00000001
NOT_RBPU                          00000007
NOT_RC8                           00000006
NOT_RI                            00000004
NOT_T1SYNC                        00000002
NOT_T3SYNC                        00000002
NOT_TO                            00000003
NOT_TX8                           00000006
NOT_W                             00000002
NOT_WRITE                         00000002
New_V                             00000000
OBF                               00000006
OERR                              00000001
OSC2                              00000006
OSCCON                            00000FD3
OV                                00000003
Off                               00000000
Ok                                00000000
Old_V                             00000001
On                                00000001
Optional_Handler_LoInt_Port1      0000C008
Optional_Handler_LoInt_Port2      0000C010
Optional_Handler_Main_Port1       0000C004
Optional_Handler_Main_Port2       0000C00C
P                                 00000004
PCFG0                             00000000
PCFG1                             00000001
PCFG2                             00000002
PCFG3                             00000003
PCL                               00000FF9
PCLATH                            00000FFA
PCLATU                            00000FFB
PD                                00000002
PEIE                              00000006
PEN                               00000002
PGC                               00000006
PGD                               00000007
PGM                               00000005
PIE1                              00000F9D
PIE2                              00000FA0
PIE3                              00000FA3
PIR1                              00000F9E
PIR2                              00000FA1
PIR3                              00000FA4
PLUSW0                            00000FEB
MPASM  5.32                  TEST_VECTORS.ASM   8-19-2014  18:04:34         PAGE 11


SYMBOL TABLE
  LABEL                             VALUE 

PLUSW1                            00000FE3
PLUSW2                            00000FDB
POR                               00000001
PORTA                             00000F80
PORTB                             00000F81
PORTC                             00000F82
PORTD                             00000F83
PORTE                             00000F84
PORTF                             00000F85
PORTG                             00000F86
POSTDEC0                          00000FED
POSTDEC1                          00000FE5
POSTDEC2                          00000FDD
POSTINC0                          00000FEE
POSTINC1                          00000FE6
POSTINC2                          00000FDE
PR2                               00000FCB
PR4                               00000F77
PREINC0                           00000FEC
PREINC1                           00000FE4
PREINC2                           00000FDC
PRODH                             00000FF4
PRODL                             00000FF3
PSA                               00000003
PSP0                              00000000
PSP1                              00000001
PSP2                              00000002
PSP3                              00000003
PSP4                              00000004
PSP5                              00000005
PSP6                              00000006
PSP7                              00000007
PSPCON                            00000FB0
PSPIE                             00000007
PSPIF                             00000007
PSPIP                             00000007
PSPMODE                           00000004
R                                 00000002
RA0                               00000000
RA1                               00000001
RA2                               00000002
RA3                               00000003
RA4                               00000004
RA5                               00000005
RA6                               00000006
RB0                               00000000
RB1                               00000001
RB2                               00000002
RB3                               00000003
RB4                               00000004
RB5                               00000005
RB6                               00000006
RB7                               00000007
MPASM  5.32                  TEST_VECTORS.ASM   8-19-2014  18:04:34         PAGE 12


SYMBOL TABLE
  LABEL                             VALUE 

RBIE                              00000003
RBIF                              00000000
RBIP                              00000000
RBPU                              00000007
RC0                               00000000
RC1                               00000001
RC1IE                             00000005
RC1IF                             00000005
RC1IP                             00000005
RC2                               00000002
RC2IE                             00000005
RC2IF                             00000005
RC2IP                             00000005
RC3                               00000003
RC4                               00000004
RC5                               00000005
RC6                               00000006
RC7                               00000007
RC8_9                             00000006
RC9                               00000006
RCD8                              00000000
RCEN                              00000003
RCIE                              00000005
RCIF                              00000005
RCIP                              00000005
RCON                              00000FD0
RCREG1                            00000FAE
RCREG2                            00000F6E
RCSTA                             00000FAB
RCSTA1                            00000FAB
RCSTA2                            00000F6B
RD                                00000000
RD0                               00000000
RD1                               00000001
RD16                              00000007
RD2                               00000002
RD3                               00000003
RD4                               00000004
RD5                               00000005
RD6                               00000006
RD7                               00000007
RE0                               00000000
RE1                               00000001
RE2                               00000002
RE3                               00000003
RE4                               00000004
RE5                               00000005
RE6                               00000006
RE7                               00000007
READ_WRITE                        00000002
RF0                               00000000
RF1                               00000001
RF2                               00000002
MPASM  5.32                  TEST_VECTORS.ASM   8-19-2014  18:04:34         PAGE 13


SYMBOL TABLE
  LABEL                             VALUE 

RF3                               00000003
RF4                               00000004
RF5                               00000005
RF6                               00000006
RF7                               00000007
RG0                               00000000
RG1                               00000001
RG2                               00000002
RG3                               00000003
RG4                               00000004
RI                                00000004
RSEN                              00000001
RX                                00000007
RX2                               00000002
RX9                               00000006
RX9D                              00000000
R_W                               00000002
S                                 00000003
SCK                               00000003
SCL                               00000003
SCS                               00000000
SDA                               00000004
SDI                               00000004
SDO                               00000005
SEN                               00000000
SMP                               00000007
SPBRG                             00000FAF
SPBRG1                            00000FAF
SPBRG2                            00000F6F
SPEN                              00000007
SREN                              00000005
SS                                00000007
SSPADD                            00000FC8
SSPBUF                            00000FC9
SSPCON1                           00000FC6
SSPCON2                           00000FC5
SSPEN                             00000005
SSPIE                             00000003
SSPIF                             00000003
SSPIP                             00000003
SSPM0                             00000000
SSPM1                             00000001
SSPM2                             00000002
SSPM3                             00000003
SSPOV                             00000006
SSPSTAT                           00000FC7
STATUS                            00000FD8
STKOVF                            00000007
STKPTR                            00000FFC
STKUNF                            00000006
SWDTE                             00000000
SWDTEN                            00000000
SYNC                              00000004
MPASM  5.32                  TEST_VECTORS.ASM   8-19-2014  18:04:34         PAGE 14


SYMBOL TABLE
  LABEL                             VALUE 

Stack_Begin                       00000E00
T08BIT                            00000006
T0CKI                             00000004
T0CON                             00000FD5
T0CS                              00000005
T0IE                              00000005
T0IF                              00000002
T0IP                              00000002
T0PS0                             00000000
T0PS1                             00000001
T0PS2                             00000002
T0SE                              00000004
T13CKI                            00000000
T1CKPS0                           00000004
T1CKPS1                           00000005
T1CON                             00000FCD
T1INSYNC                          00000002
T1OSCEN                           00000003
T1OSI                             00000001
T1OSO                             00000000
T1SYNC                            00000002
T2CKPS0                           00000000
T2CKPS1                           00000001
T2CON                             00000FCA
T2OUTPS0                          00000003
T2OUTPS1                          00000004
T2OUTPS2                          00000005
T2OUTPS3                          00000006
T3CCP1                            00000003
T3CCP2                            00000006
T3CKPS0                           00000004
T3CKPS1                           00000005
T3CON                             00000FB1
T3INSYNC                          00000002
T3SYNC                            00000002
T4CKPS0                           00000000
T4CKPS1                           00000001
T4CON                             00000F76
T4OUTPS0                          00000003
T4OUTPS1                          00000004
T4OUTPS2                          00000005
T4OUTPS3                          00000006
TABLAT                            00000FF5
TBLPTRH                           00000FF7
TBLPTRL                           00000FF6
TBLPTRU                           00000FF8
TMR0H                             00000FD7
TMR0IE                            00000005
TMR0IF                            00000002
TMR0IP                            00000002
TMR0L                             00000FD6
TMR0ON                            00000007
TMR1CS                            00000001
MPASM  5.32                  TEST_VECTORS.ASM   8-19-2014  18:04:34         PAGE 15


SYMBOL TABLE
  LABEL                             VALUE 

TMR1H                             00000FCF
TMR1IE                            00000000
TMR1IF                            00000000
TMR1IP                            00000000
TMR1L                             00000FCE
TMR1ON                            00000000
TMR2                              00000FCC
TMR2IE                            00000001
TMR2IF                            00000001
TMR2IP                            00000001
TMR2ON                            00000002
TMR3CS                            00000001
TMR3H                             00000FB3
TMR3IE                            00000001
TMR3IF                            00000001
TMR3IP                            00000001
TMR3L                             00000FB2
TMR3ON                            00000000
TMR4                              00000F78
TMR4IE                            00000003
TMR4IF                            00000003
TMR4IP                            00000003
TMR4ON                            00000002
TO                                00000003
TOSH                              00000FFE
TOSL                              00000FFD
TOSU                              00000FFF
TRISA                             00000F92
TRISB                             00000F93
TRISC                             00000F94
TRISD                             00000F95
TRISE                             00000F96
TRISF                             00000F97
TRISG                             00000F98
TRMT                              00000001
TX                                00000006
TX1IE                             00000004
TX1IF                             00000004
TX1IP                             00000004
TX2                               00000001
TX2IE                             00000004
TX2IF                             00000004
TX2IP                             00000004
TX8_9                             00000006
TX9                               00000006
TX9D                              00000000
TXD8                              00000000
TXEN                              00000005
TXIE                              00000004
TXIF                              00000004
TXIP                              00000004
TXREG                             00000FAD
TXREG1                            00000FAD
MPASM  5.32                  TEST_VECTORS.ASM   8-19-2014  18:04:34         PAGE 16


SYMBOL TABLE
  LABEL                             VALUE 

TXREG2                            00000F6D
TXSTA                             00000FAC
TXSTA1                            00000FAC
TXSTA2                            00000F6C
UA                                00000001
User_Application                  0000C000
VCFG0                             00000004
VCFG1                             00000005
VREFM                             00000002
VREFP                             00000003
W                                 00000000
WAIT0                             00000004
WAIT1                             00000005
WCOL                              00000007
WDTCON                            00000FD1
WM0                               00000000
WM1                               00000001
WR                                00000001
WREG                              00000FE8
WREN                              00000002
WRERR                             00000003
Z                                 00000002
Zero                              Status,Z,a
_BORV_20_2L                       000000FF
_BORV_27_2L                       000000FB
_BORV_42_2L                       000000F7
_BORV_45_2L                       000000F3
_BOR_OFF_2L                       000000FD
_BOR_ON_2L                        000000FF
_CCP2MX_OFF_3H                    000000FE
_CCP2MX_ON_3H                     000000FF
_CONFIG1H                         00300001
_CONFIG1L                         00300000
_CONFIG2H                         00300003
_CONFIG2L                         00300002
_CONFIG3H                         00300005
_CONFIG3L                         00300004
_CONFIG4H                         00300007
_CONFIG4L                         00300006
_CONFIG5H                         00300009
_CONFIG5L                         00300008
_CONFIG6H                         0030000B
_CONFIG6L                         0030000A
_CONFIG7H                         0030000D
_CONFIG7L                         0030000C
_CP0_OFF_5L                       000000FF
_CP0_ON_5L                        000000FE
_CP1_OFF_5L                       000000FF
_CP1_ON_5L                        000000FD
_CP2_OFF_5L                       000000FF
_CP2_ON_5L                        000000FB
_CP3_OFF_5L                       000000FF
_CP3_ON_5L                        000000F7
MPASM  5.32                  TEST_VECTORS.ASM   8-19-2014  18:04:34         PAGE 17


SYMBOL TABLE
  LABEL                             VALUE 

_CP4_OFF_5L                       000000FF
_CP4_ON_5L                        000000EF
_CP5_OFF_5L                       000000FF
_CP5_ON_5L                        000000DF
_CP6_OFF_5L                       000000FF
_CP6_ON_5L                        000000BF
_CP7_OFF_5L                       000000FF
_CP7_ON_5L                        0000007F
_CPB_OFF_5H                       000000FF
_CPB_ON_5H                        000000BF
_CPD_OFF_5H                       000000FF
_CPD_ON_5H                        0000007F
_DEBUG_OFF_4L                     000000FF
_DEBUG_ON_4L                      0000007F
_DEVID1                           003FFFFE
_DEVID2                           003FFFFF
_EBTR0_OFF_7L                     000000FF
_EBTR0_ON_7L                      000000FE
_EBTR1_OFF_7L                     000000FF
_EBTR1_ON_7L                      000000FD
_EBTR2_OFF_7L                     000000FF
_EBTR2_ON_7L                      000000FB
_EBTR3_OFF_7L                     000000FF
_EBTR3_ON_7L                      000000F7
_EBTR4_OFF_7L                     000000FF
_EBTR4_ON_7L                      000000EF
_EBTR5_OFF_7L                     000000FF
_EBTR5_ON_7L                      000000DF
_EBTR6_OFF_7L                     000000FF
_EBTR6_ON_7L                      000000BF
_EBTR7_OFF_7L                     000000FF
_EBTR7_ON_7L                      0000007F
_EBTRB_OFF_7H                     000000FF
_EBTRB_ON_7H                      000000BF
_ECIO_OSC_1H                      000000FD
_EC_OSC_1H                        000000FC
_HSPLL_OSC_1H                     000000FE
_HS_OSC_1H                        000000FA
_IDLOC0                           00200000
_IDLOC1                           00200001
_IDLOC2                           00200002
_IDLOC3                           00200003
_IDLOC4                           00200004
_IDLOC5                           00200005
_IDLOC6                           00200006
_IDLOC7                           00200007
_LP_OSC_1H                        000000F8
_LVP_OFF_4L                       000000FB
_LVP_ON_4L                        000000FF
_MC_MODE_3L                       000000FF
_MPB_MODE_3L                      000000FD
_MP_MODE_3L                       000000FE
_OSCS_OFF_1H                      000000FF
MPASM  5.32                  TEST_VECTORS.ASM   8-19-2014  18:04:34         PAGE 18


SYMBOL TABLE
  LABEL                             VALUE 

_OSCS_ON_1H                       000000DF
_PWRT_OFF_2L                      000000FF
_PWRT_ON_2L                       000000FE
_RCIO_OSC_1H                      000000FF
_RC_OSC_1H                        000000FB
_STVR_OFF_4L                      000000FE
_STVR_ON_4L                       000000FF
_WAIT_OFF_3L                      000000FF
_WAIT_ON_3L                       0000007F
_WDTPS_128_2H                     000000FF
_WDTPS_16_2H                      000000F9
_WDTPS_1_2H                       000000F1
_WDTPS_2_2H                       000000F3
_WDTPS_32_2H                      000000FB
_WDTPS_4_2H                       000000F5
_WDTPS_64_2H                      000000FD
_WDTPS_8_2H                       000000F7
_WDT_OFF_2H                       000000FE
_WDT_ON_2H                        000000FF
_WRT0_OFF_6L                      000000FF
_WRT0_ON_6L                       000000FE
_WRT1_OFF_6L                      000000FF
_WRT1_ON_6L                       000000FD
_WRT2_OFF_6L                      000000FF
_WRT2_ON_6L                       000000FB
_WRT3_OFF_6L                      000000FF
_WRT3_ON_6L                       000000F7
_WRT4_OFF_6L                      000000FF
_WRT4_ON_6L                       000000EF
_WRT5_OFF_6L                      000000FF
_WRT5_ON_6L                       000000DF
_WRT6_OFF_6L                      000000FF
_WRT6_ON_6L                       000000BF
_WRT7_OFF_6L                      000000FF
_WRT7_ON_6L                       0000007F
_WRTB_OFF_6H                      000000FF
_WRTB_ON_6H                       000000BF
_WRTC_OFF_6H                      000000FF
_WRTC_ON_6H                       000000DF
_WRTD_OFF_6H                      000000FF
_WRTD_ON_6H                       0000007F
_XMC_MODE_3L                      000000FC
_XT_OSC_1H                        000000F9
__18F6720                         00000001
a                                 00000000
b                                 00000001
ecall                             
egoto                             
exsub                             
libdir                            c:\mcc18
usapp_zone                        0000C014
workdir                           d:\Dev\workspace\electronic\MPLAB

MPASM  5.32                  TEST_VECTORS.ASM   8-19-2014  18:04:34         PAGE 19





Errors   :     0
Warnings :     0 reported,     0 suppressed
Messages :     0 reported,     0 suppressed

